// Jest Snapshot v1, https://goo.gl/fbAQLP

exports[`Pruebas en <CounterApp> Debe mostrar el componente correctamente 1`] = `
<Fragment>
  <h1>
    CounterApp
  </h1>
  <p>
    10
  </p>
  <button
    onClick={[Function]}
  >
    +1
  </button>
  <button
    onClick={[Function]}
  >
    -1
  </button>
  <button
    onClick={[Function]}
  >
    reset
  </button>
</Fragment>
`;
